<?xml version="1.0"?>
<link_info>
   <banner>MSP430 Linker PC v4.3.4</banner>
   <copyright>Copyright (c) 2003-2014 Texas Instruments Incorporated</copyright>
   <link_time>0x552cc0c7</link_time>
   <link_errors>0x0</link_errors>
   <output_file>EPD_Extension_Board.out</output_file>
   <entry_point>
      <name>_c_int00</name>
      <address>0x4400</address>
   </entry_point>
   <input_file_list>
      <input_file id="fl-2">
         <path>.\src\</path>
         <kind>object</kind>
         <file>main_for_demo_2.6inch_ECG.obj</file>
         <name>main_for_demo_2.6inch_ECG.obj</name>
      </input_file>
      <input_file id="fl-3">
         <path>.\src\Pervasive_Displays_small_EPD\</path>
         <kind>object</kind>
         <file>EPD_hardware_driver.obj</file>
         <name>EPD_hardware_driver.obj</name>
      </input_file>
      <input_file id="fl-4">
         <path>.\src\Pervasive_Displays_small_EPD\</path>
         <kind>object</kind>
         <file>EPD_interface.obj</file>
         <name>EPD_interface.obj</name>
      </input_file>
      <input_file id="fl-5">
         <path>.\src\Pervasive_Displays_small_EPD\</path>
         <kind>object</kind>
         <file>EPD_partial_interface.obj</file>
         <name>EPD_partial_interface.obj</name>
      </input_file>
      <input_file id="fl-6">
         <path>.\src\Pervasive_Displays_small_EPD\COG_FPL\G2_Aurora_Mb\</path>
         <kind>object</kind>
         <file>EPD_G2_Aurora_Mb.obj</file>
         <name>EPD_G2_Aurora_Mb.obj</name>
      </input_file>
      <input_file id="fl-7">
         <path>.\src\Pervasive_Displays_small_EPD\COG_FPL\G1_Aurora_Mb\</path>
         <kind>object</kind>
         <file>EPD_G1_Aurora_Mb.obj</file>
         <name>EPD_G1_Aurora_Mb.obj</name>
      </input_file>
      <input_file id="fl-8">
         <path>.\src\Images\demo_2.6inch_ECG\</path>
         <kind>object</kind>
         <file>Black.obj</file>
         <name>Black.obj</name>
      </input_file>
      <input_file id="fl-9">
         <path>.\src\Images\demo_2.6inch_ECG\</path>
         <kind>object</kind>
         <file>ECG01.obj</file>
         <name>ECG01.obj</name>
      </input_file>
      <input_file id="fl-a">
         <path>.\src\Images\demo_2.6inch_ECG\</path>
         <kind>object</kind>
         <file>ECG02.obj</file>
         <name>ECG02.obj</name>
      </input_file>
      <input_file id="fl-b">
         <path>.\src\Images\demo_2.6inch_ECG\</path>
         <kind>object</kind>
         <file>ECG03.obj</file>
         <name>ECG03.obj</name>
      </input_file>
      <input_file id="fl-c">
         <path>.\src\Images\demo_2.6inch_ECG\</path>
         <kind>object</kind>
         <file>ECG04.obj</file>
         <name>ECG04.obj</name>
      </input_file>
      <input_file id="fl-d">
         <path>.\src\Images\demo_2.6inch_ECG\</path>
         <kind>object</kind>
         <file>ECG05.obj</file>
         <name>ECG05.obj</name>
      </input_file>
      <input_file id="fl-e">
         <path>.\src\Images\demo_2.6inch_ECG\</path>
         <kind>object</kind>
         <file>ECG06.obj</file>
         <name>ECG06.obj</name>
      </input_file>
      <input_file id="fl-f">
         <path>.\src\Images\demo_2.6inch_ECG\</path>
         <kind>object</kind>
         <file>ECG07.obj</file>
         <name>ECG07.obj</name>
      </input_file>
      <input_file id="fl-10">
         <path>.\src\Images\demo_2.6inch_ECG\</path>
         <kind>object</kind>
         <file>ECG08.obj</file>
         <name>ECG08.obj</name>
      </input_file>
      <input_file id="fl-11">
         <path>.\src\Images\demo_2.6inch_ECG\</path>
         <kind>object</kind>
         <file>ECG09.obj</file>
         <name>ECG09.obj</name>
      </input_file>
      <input_file id="fl-12">
         <path>.\src\Images\demo_2.6inch_ECG\</path>
         <kind>object</kind>
         <file>ECG10.obj</file>
         <name>ECG10.obj</name>
      </input_file>
      <input_file id="fl-13">
         <path>.\src\Images\demo_2.6inch_ECG\</path>
         <kind>object</kind>
         <file>ECG11.obj</file>
         <name>ECG11.obj</name>
      </input_file>
      <input_file id="fl-14">
         <path>.\src\Images\demo_2.6inch_ECG\</path>
         <kind>object</kind>
         <file>ECG12.obj</file>
         <name>ECG12.obj</name>
      </input_file>
      <input_file id="fl-15">
         <path>.\src\Images\demo_2.6inch_ECG\</path>
         <kind>object</kind>
         <file>ECG13.obj</file>
         <name>ECG13.obj</name>
      </input_file>
      <input_file id="fl-16">
         <path>.\src\Images\demo_2.6inch_ECG\</path>
         <kind>object</kind>
         <file>ECG14.obj</file>
         <name>ECG14.obj</name>
      </input_file>
      <input_file id="fl-17">
         <path>.\src\Images\demo_2.6inch_ECG\</path>
         <kind>object</kind>
         <file>ECG15.obj</file>
         <name>ECG15.obj</name>
      </input_file>
      <input_file id="fl-18">
         <path>.\src\Images\demo_2.6inch_ECG\</path>
         <kind>object</kind>
         <file>ECG16.obj</file>
         <name>ECG16.obj</name>
      </input_file>
      <input_file id="fl-19">
         <path>.\src\Images\demo_2.6inch_ECG\</path>
         <kind>object</kind>
         <file>White.obj</file>
         <name>White.obj</name>
      </input_file>
      <input_file id="fl-48">
         <path>c:\ti\ccsv6\tools\compiler\msp430_4.3.4\lib\</path>
         <kind>archive</kind>
         <file>rts430x_lc_rd_eabi.lib</file>
         <name>boot.obj</name>
      </input_file>
      <input_file id="fl-49">
         <path>c:\ti\ccsv6\tools\compiler\msp430_4.3.4\lib\</path>
         <kind>archive</kind>
         <file>rts430x_lc_rd_eabi.lib</file>
         <name>copy_decompress_none.obj</name>
      </input_file>
      <input_file id="fl-4a">
         <path>c:\ti\ccsv6\tools\compiler\msp430_4.3.4\lib\</path>
         <kind>archive</kind>
         <file>rts430x_lc_rd_eabi.lib</file>
         <name>copy_decompress_rle.obj</name>
      </input_file>
      <input_file id="fl-4b">
         <path>c:\ti\ccsv6\tools\compiler\msp430_4.3.4\lib\</path>
         <kind>archive</kind>
         <file>rts430x_lc_rd_eabi.lib</file>
         <name>copy_zero_init.obj</name>
      </input_file>
      <input_file id="fl-4c">
         <path>c:\ti\ccsv6\tools\compiler\msp430_4.3.4\lib\</path>
         <kind>archive</kind>
         <file>rts430x_lc_rd_eabi.lib</file>
         <name>div32s.obj</name>
      </input_file>
      <input_file id="fl-4d">
         <path>c:\ti\ccsv6\tools\compiler\msp430_4.3.4\lib\</path>
         <kind>archive</kind>
         <file>rts430x_lc_rd_eabi.lib</file>
         <name>div32u.obj</name>
      </input_file>
      <input_file id="fl-4e">
         <path>c:\ti\ccsv6\tools\compiler\msp430_4.3.4\lib\</path>
         <kind>archive</kind>
         <file>rts430x_lc_rd_eabi.lib</file>
         <name>exit.obj</name>
      </input_file>
      <input_file id="fl-4f">
         <path>c:\ti\ccsv6\tools\compiler\msp430_4.3.4\lib\</path>
         <kind>archive</kind>
         <file>rts430x_lc_rd_eabi.lib</file>
         <name>fs_ltof.obj</name>
      </input_file>
      <input_file id="fl-50">
         <path>c:\ti\ccsv6\tools\compiler\msp430_4.3.4\lib\</path>
         <kind>archive</kind>
         <file>rts430x_lc_rd_eabi.lib</file>
         <name>fs_toi.obj</name>
      </input_file>
      <input_file id="fl-51">
         <path>c:\ti\ccsv6\tools\compiler\msp430_4.3.4\lib\</path>
         <kind>archive</kind>
         <file>rts430x_lc_rd_eabi.lib</file>
         <name>int41.obj</name>
      </input_file>
      <input_file id="fl-52">
         <path>c:\ti\ccsv6\tools\compiler\msp430_4.3.4\lib\</path>
         <kind>archive</kind>
         <file>rts430x_lc_rd_eabi.lib</file>
         <name>int42.obj</name>
      </input_file>
      <input_file id="fl-53">
         <path>c:\ti\ccsv6\tools\compiler\msp430_4.3.4\lib\</path>
         <kind>archive</kind>
         <file>rts430x_lc_rd_eabi.lib</file>
         <name>int43.obj</name>
      </input_file>
      <input_file id="fl-54">
         <path>c:\ti\ccsv6\tools\compiler\msp430_4.3.4\lib\</path>
         <kind>archive</kind>
         <file>rts430x_lc_rd_eabi.lib</file>
         <name>int44.obj</name>
      </input_file>
      <input_file id="fl-55">
         <path>c:\ti\ccsv6\tools\compiler\msp430_4.3.4\lib\</path>
         <kind>archive</kind>
         <file>rts430x_lc_rd_eabi.lib</file>
         <name>int45.obj</name>
      </input_file>
      <input_file id="fl-56">
         <path>c:\ti\ccsv6\tools\compiler\msp430_4.3.4\lib\</path>
         <kind>archive</kind>
         <file>rts430x_lc_rd_eabi.lib</file>
         <name>int46.obj</name>
      </input_file>
      <input_file id="fl-57">
         <path>c:\ti\ccsv6\tools\compiler\msp430_4.3.4\lib\</path>
         <kind>archive</kind>
         <file>rts430x_lc_rd_eabi.lib</file>
         <name>int47.obj</name>
      </input_file>
      <input_file id="fl-58">
         <path>c:\ti\ccsv6\tools\compiler\msp430_4.3.4\lib\</path>
         <kind>archive</kind>
         <file>rts430x_lc_rd_eabi.lib</file>
         <name>int48.obj</name>
      </input_file>
      <input_file id="fl-59">
         <path>c:\ti\ccsv6\tools\compiler\msp430_4.3.4\lib\</path>
         <kind>archive</kind>
         <file>rts430x_lc_rd_eabi.lib</file>
         <name>int49.obj</name>
      </input_file>
      <input_file id="fl-5a">
         <path>c:\ti\ccsv6\tools\compiler\msp430_4.3.4\lib\</path>
         <kind>archive</kind>
         <file>rts430x_lc_rd_eabi.lib</file>
         <name>int50.obj</name>
      </input_file>
      <input_file id="fl-5b">
         <path>c:\ti\ccsv6\tools\compiler\msp430_4.3.4\lib\</path>
         <kind>archive</kind>
         <file>rts430x_lc_rd_eabi.lib</file>
         <name>int51.obj</name>
      </input_file>
      <input_file id="fl-5c">
         <path>c:\ti\ccsv6\tools\compiler\msp430_4.3.4\lib\</path>
         <kind>archive</kind>
         <file>rts430x_lc_rd_eabi.lib</file>
         <name>int53.obj</name>
      </input_file>
      <input_file id="fl-5d">
         <path>c:\ti\ccsv6\tools\compiler\msp430_4.3.4\lib\</path>
         <kind>archive</kind>
         <file>rts430x_lc_rd_eabi.lib</file>
         <name>int55.obj</name>
      </input_file>
      <input_file id="fl-5e">
         <path>c:\ti\ccsv6\tools\compiler\msp430_4.3.4\lib\</path>
         <kind>archive</kind>
         <file>rts430x_lc_rd_eabi.lib</file>
         <name>int56.obj</name>
      </input_file>
      <input_file id="fl-5f">
         <path>c:\ti\ccsv6\tools\compiler\msp430_4.3.4\lib\</path>
         <kind>archive</kind>
         <file>rts430x_lc_rd_eabi.lib</file>
         <name>int57.obj</name>
      </input_file>
      <input_file id="fl-60">
         <path>c:\ti\ccsv6\tools\compiler\msp430_4.3.4\lib\</path>
         <kind>archive</kind>
         <file>rts430x_lc_rd_eabi.lib</file>
         <name>int58.obj</name>
      </input_file>
      <input_file id="fl-61">
         <path>c:\ti\ccsv6\tools\compiler\msp430_4.3.4\lib\</path>
         <kind>archive</kind>
         <file>rts430x_lc_rd_eabi.lib</file>
         <name>int59.obj</name>
      </input_file>
      <input_file id="fl-62">
         <path>c:\ti\ccsv6\tools\compiler\msp430_4.3.4\lib\</path>
         <kind>archive</kind>
         <file>rts430x_lc_rd_eabi.lib</file>
         <name>int60.obj</name>
      </input_file>
      <input_file id="fl-63">
         <path>c:\ti\ccsv6\tools\compiler\msp430_4.3.4\lib\</path>
         <kind>archive</kind>
         <file>rts430x_lc_rd_eabi.lib</file>
         <name>int61.obj</name>
      </input_file>
      <input_file id="fl-64">
         <path>c:\ti\ccsv6\tools\compiler\msp430_4.3.4\lib\</path>
         <kind>archive</kind>
         <file>rts430x_lc_rd_eabi.lib</file>
         <name>int62.obj</name>
      </input_file>
      <input_file id="fl-65">
         <path>c:\ti\ccsv6\tools\compiler\msp430_4.3.4\lib\</path>
         <kind>archive</kind>
         <file>rts430x_lc_rd_eabi.lib</file>
         <name>isr_trap.obj</name>
      </input_file>
      <input_file id="fl-66">
         <path>c:\ti\ccsv6\tools\compiler\msp430_4.3.4\lib\</path>
         <kind>archive</kind>
         <file>rts430x_lc_rd_eabi.lib</file>
         <name>memcpy.obj</name>
      </input_file>
      <input_file id="fl-67">
         <path>c:\ti\ccsv6\tools\compiler\msp430_4.3.4\lib\</path>
         <kind>archive</kind>
         <file>rts430x_lc_rd_eabi.lib</file>
         <name>mpu_init.obj</name>
      </input_file>
      <input_file id="fl-68">
         <path>c:\ti\ccsv6\tools\compiler\msp430_4.3.4\lib\</path>
         <kind>archive</kind>
         <file>rts430x_lc_rd_eabi.lib</file>
         <name>mult16_f5hw.obj</name>
      </input_file>
      <input_file id="fl-69">
         <path>c:\ti\ccsv6\tools\compiler\msp430_4.3.4\lib\</path>
         <kind>archive</kind>
         <file>rts430x_lc_rd_eabi.lib</file>
         <name>mult32_f5hw.obj</name>
      </input_file>
      <input_file id="fl-6a">
         <path>c:\ti\ccsv6\tools\compiler\msp430_4.3.4\lib\</path>
         <kind>archive</kind>
         <file>rts430x_lc_rd_eabi.lib</file>
         <name>pre_init.obj</name>
      </input_file>
      <input_file id="fl-6b">
         <path>c:\ti\ccsv6\tools\compiler\msp430_4.3.4\lib\</path>
         <kind>archive</kind>
         <file>rts430x_lc_rd_eabi.lib</file>
         <name>_lock.obj</name>
      </input_file>
      <input_file id="fl-6c">
         <path>c:\ti\ccsv6\tools\compiler\msp430_4.3.4\lib\</path>
         <kind>archive</kind>
         <file>rts430x_lc_rd_eabi.lib</file>
         <name>args_main.obj</name>
      </input_file>
      <input_file id="fl-6d">
         <path>c:\ti\ccsv6\tools\compiler\msp430_4.3.4\lib\</path>
         <kind>archive</kind>
         <file>rts430x_lc_rd_eabi.lib</file>
         <name>autoinit.obj</name>
      </input_file>
   </input_file_list>
   <object_component_list>
      <object_component id="oc-97">
         <name>.stack</name>
         <uninitialized>true</uninitialized>
         <run_address>0x4360</run_address>
         <size>0x4</size>
         <input_file_ref idref="fl-48"/>
      </object_component>
      <object_component id="oc-405">
         <name>.stack</name>
         <uninitialized>true</uninitialized>
         <run_address>0x4360</run_address>
         <size>0x0</size>
      </object_component>
      <object_component id="oc-202">
         <name>.text:stage_handle_array</name>
         <load_address>0x20604</load_address>
         <run_address>0x20604</run_address>
         <size>0x54c</size>
         <input_file_ref idref="fl-7"/>
      </object_component>
      <object_component id="oc-259">
         <name>.text:stage_handle_partial_update_for_19_26</name>
         <load_address>0x20b50</load_address>
         <run_address>0x20b50</run_address>
         <size>0x312</size>
         <input_file_ref idref="fl-7"/>
      </object_component>
      <object_component id="oc-247">
         <name>.text:stage_handle_partial_update</name>
         <load_address>0x20e62</load_address>
         <run_address>0x20e62</run_address>
         <size>0x2ea</size>
         <input_file_ref idref="fl-7"/>
      </object_component>
      <object_component id="oc-208">
         <name>.text:stage_handle_array_for_19_26</name>
         <load_address>0x2114c</load_address>
         <run_address>0x2114c</run_address>
         <size>0x1f6</size>
         <input_file_ref idref="fl-7"/>
      </object_component>
      <object_component id="oc-1ea">
         <name>.text:EPD_power_off</name>
         <load_address>0x21342</load_address>
         <run_address>0x21342</run_address>
         <size>0x138</size>
         <input_file_ref idref="fl-7"/>
      </object_component>
      <object_component id="oc-1aa">
         <name>.text:EPD_initialize_driver</name>
         <load_address>0x2147a</load_address>
         <run_address>0x2147a</run_address>
         <size>0x10c</size>
         <input_file_ref idref="fl-7"/>
      </object_component>
      <object_component id="oc-ac">
         <name>.text:main</name>
         <load_address>0x21586</load_address>
         <run_address>0x21586</run_address>
         <size>0x10a</size>
         <input_file_ref idref="fl-2"/>
      </object_component>
      <object_component id="oc-25f">
         <name>.text:nothing_frame_for_19_26</name>
         <load_address>0x21690</load_address>
         <run_address>0x21690</run_address>
         <size>0x104</size>
         <input_file_ref idref="fl-7"/>
      </object_component>
      <object_component id="oc-24d">
         <name>.text:nothing_frame</name>
         <load_address>0x21794</load_address>
         <run_address>0x21794</run_address>
         <size>0xd6</size>
         <input_file_ref idref="fl-7"/>
      </object_component>
      <object_component id="oc-225">
         <name>.text:COG_driver_EPDtype_select</name>
         <load_address>0x2186a</load_address>
         <run_address>0x2186a</run_address>
         <size>0xca</size>
         <input_file_ref idref="fl-7"/>
      </object_component>
      <object_component id="oc-21d">
         <name>.text:set_temperature_factor</name>
         <load_address>0x21934</load_address>
         <run_address>0x21934</run_address>
         <size>0xc2</size>
         <input_file_ref idref="fl-7"/>
      </object_component>
      <object_component id="oc-290">
         <name>.text:border_line</name>
         <load_address>0x219f6</load_address>
         <run_address>0x219f6</run_address>
         <size>0xba</size>
         <input_file_ref idref="fl-7"/>
      </object_component>
      <object_component id="oc-1b4">
         <name>.text:EPD_display_partialupdate_Collection</name>
         <load_address>0x21ab0</load_address>
         <run_address>0x21ab0</run_address>
         <size>0xb4</size>
         <input_file_ref idref="fl-7"/>
      </object_component>
      <object_component id="oc-19c">
         <name>.text:EPD_display_from_array_prt</name>
         <load_address>0x21b64</load_address>
         <run_address>0x21b64</run_address>
         <size>0x80</size>
         <input_file_ref idref="fl-7"/>
      </object_component>
      <object_component id="oc-a6">
         <name>.text:_auto_init_hold_wdt</name>
         <load_address>0x21be4</load_address>
         <run_address>0x21be4</run_address>
         <size>0x6e</size>
         <input_file_ref idref="fl-6d"/>
      </object_component>
      <object_component id="oc-f1">
         <name>.text:system_init</name>
         <load_address>0x21c52</load_address>
         <run_address>0x21c52</run_address>
         <size>0x66</size>
         <input_file_ref idref="fl-3"/>
      </object_component>
      <object_component id="oc-1a4">
         <name>.text:EPD_power_on</name>
         <load_address>0x21cb8</load_address>
         <run_address>0x21cb8</run_address>
         <size>0x64</size>
         <input_file_ref idref="fl-7"/>
      </object_component>
      <object_component id="oc-d9">
         <name>.text:__TI_decompress_rle_core</name>
         <load_address>0x21d1c</load_address>
         <run_address>0x21d1c</run_address>
         <size>0x62</size>
         <input_file_ref idref="fl-4a"/>
      </object_component>
      <object_component id="oc-253">
         <name>.text:dummy_line</name>
         <load_address>0x21d7e</load_address>
         <run_address>0x21d7e</run_address>
         <size>0x62</size>
         <input_file_ref idref="fl-7"/>
      </object_component>
      <object_component id="oc-175">
         <name>.text:SetVcoreUp</name>
         <load_address>0x21de0</load_address>
         <run_address>0x21de0</run_address>
         <size>0x4e</size>
         <input_file_ref idref="fl-3"/>
      </object_component>
      <object_component id="oc-182">
         <name>.text:epd_spi_init</name>
         <load_address>0x21e2e</load_address>
         <run_address>0x21e2e</run_address>
         <size>0x3e</size>
         <input_file_ref idref="fl-3"/>
      </object_component>
      <object_component id="oc-17c">
         <name>.text:EPD_initialize_gpio</name>
         <load_address>0x21e6c</load_address>
         <run_address>0x21e6c</run_address>
         <size>0x3c</size>
         <input_file_ref idref="fl-3"/>
      </object_component>
      <object_component id="oc-211">
         <name>.text:PWM_run</name>
         <load_address>0x21ea8</load_address>
         <run_address>0x21ea8</run_address>
         <size>0x3c</size>
         <input_file_ref idref="fl-3"/>
      </object_component>
      <object_component id="oc-233">
         <name>.text:epd_spi_send</name>
         <load_address>0x21ee4</load_address>
         <run_address>0x21ee4</run_address>
         <size>0x38</size>
         <input_file_ref idref="fl-3"/>
      </object_component>
      <object_component id="oc-239">
         <name>.text:epd_spi_send_byte</name>
         <load_address>0x21f1c</load_address>
         <run_address>0x21f1c</run_address>
         <size>0x30</size>
         <input_file_ref idref="fl-3"/>
      </object_component>
      <object_component id="oc-f7">
         <name>.text:EPD_display_hardware_init</name>
         <load_address>0x21f4c</load_address>
         <run_address>0x21f4c</run_address>
         <size>0x28</size>
         <input_file_ref idref="fl-3"/>
      </object_component>
      <object_component id="oc-8b">
         <name>.text:decompress:ZI:__TI_zero_init</name>
         <load_address>0x21f74</load_address>
         <run_address>0x21f74</run_address>
         <size>0x24</size>
         <input_file_ref idref="fl-4b"/>
      </object_component>
      <object_component id="oc-106">
         <name>.text:display_GlobalUpdate</name>
         <load_address>0x21f98</load_address>
         <run_address>0x21f98</run_address>
         <size>0x24</size>
         <input_file_ref idref="fl-5"/>
      </object_component>
      <object_component id="oc-115">
         <name>.text:EPD_display_partialupdate_from_array_prt</name>
         <load_address>0x21fbc</load_address>
         <run_address>0x21fbc</run_address>
         <size>0x20</size>
         <input_file_ref idref="fl-7"/>
      </object_component>
      <object_component id="oc-188">
         <name>.text:initialize_temperature</name>
         <load_address>0x21fdc</load_address>
         <run_address>0x21fdc</run_address>
         <size>0x20</size>
         <input_file_ref idref="fl-3"/>
      </object_component>
      <object_component id="oc-2a0">
         <name>.text:start_EPD_timer</name>
         <load_address>0x21ffc</load_address>
         <run_address>0x21ffc</run_address>
         <size>0x20</size>
         <input_file_ref idref="fl-3"/>
      </object_component>
      <object_component id="oc-296">
         <name>.text:epd_spi_detach</name>
         <load_address>0x2201c</load_address>
         <run_address>0x2201c</run_address>
         <size>0x18</size>
         <input_file_ref idref="fl-3"/>
      </object_component>
      <object_component id="oc-379">
         <name>.text:initialize_EPD_timer</name>
         <load_address>0x22034</load_address>
         <run_address>0x22034</run_address>
         <size>0x18</size>
         <input_file_ref idref="fl-3"/>
      </object_component>
      <object_component id="oc-14e">
         <name>.text:delay_ms</name>
         <load_address>0x2204c</load_address>
         <run_address>0x2204c</run_address>
         <size>0x16</size>
         <input_file_ref idref="fl-3"/>
      </object_component>
      <object_component id="oc-22b">
         <name>.text</name>
         <load_address>0x22062</load_address>
         <run_address>0x22062</run_address>
         <size>0x16</size>
         <input_file_ref idref="fl-68"/>
      </object_component>
      <object_component id="oc-c5">
         <name>.text:memcpy</name>
         <load_address>0x22078</load_address>
         <run_address>0x22078</run_address>
         <size>0x14</size>
         <input_file_ref idref="fl-66"/>
      </object_component>
      <object_component id="oc-85">
         <name>.text:decompress:none:__TI_decompress_none</name>
         <load_address>0x2208c</load_address>
         <run_address>0x2208c</run_address>
         <size>0x12</size>
         <input_file_ref idref="fl-49"/>
      </object_component>
      <object_component id="oc-38e">
         <name>.text:epd_spi_read</name>
         <load_address>0x2209e</load_address>
         <run_address>0x2209e</run_address>
         <size>0x10</size>
         <input_file_ref idref="fl-3"/>
      </object_component>
      <object_component id="oc-10c">
         <name>.text:display_PowerOn</name>
         <load_address>0x220ae</load_address>
         <run_address>0x220ae</run_address>
         <size>0xe</size>
         <input_file_ref idref="fl-5"/>
      </object_component>
      <object_component id="oc-217">
         <name>.text:epd_spi_attach</name>
         <load_address>0x220bc</load_address>
         <run_address>0x220bc</run_address>
         <size>0xe</size>
         <input_file_ref idref="fl-3"/>
      </object_component>
      <object_component id="oc-2d8">
         <name>.text:stop_EPD_timer</name>
         <load_address>0x220ca</load_address>
         <run_address>0x220ca</run_address>
         <size>0xe</size>
         <input_file_ref idref="fl-3"/>
      </object_component>
      <object_component id="oc-2ce">
         <name>.text:get_current_time_tick</name>
         <load_address>0x220d8</load_address>
         <run_address>0x220d8</run_address>
         <size>0x8</size>
         <input_file_ref idref="fl-3"/>
      </object_component>
      <object_component id="oc-9b">
         <name>.text:__TI_ISR_TRAP</name>
         <load_address>0x220e0</load_address>
         <run_address>0x220e0</run_address>
         <size>0x6</size>
         <input_file_ref idref="fl-65"/>
      </object_component>
      <object_component id="oc-91">
         <name>.text:decompress:rle24:__TI_decompress_rle24</name>
         <load_address>0x220e6</load_address>
         <run_address>0x220e6</run_address>
         <size>0x6</size>
         <input_file_ref idref="fl-4a"/>
      </object_component>
      <object_component id="oc-148">
         <name>.text:display_PowerOff</name>
         <load_address>0x220ec</load_address>
         <run_address>0x220ec</run_address>
         <size>0x6</size>
         <input_file_ref idref="fl-5"/>
      </object_component>
      <object_component id="oc-32c">
         <name>.text:epd_spi_write</name>
         <load_address>0x220f2</load_address>
         <run_address>0x220f2</run_address>
         <size>0x6</size>
         <input_file_ref idref="fl-3"/>
      </object_component>
      <object_component id="oc-a0">
         <name>.text:_system_pre_init</name>
         <load_address>0x220f8</load_address>
         <run_address>0x220f8</run_address>
         <size>0x4</size>
         <input_file_ref idref="fl-6a"/>
      </object_component>
      <object_component id="oc-b2">
         <name>.text:abort</name>
         <load_address>0x220fc</load_address>
         <run_address>0x220fc</run_address>
         <size>0x4</size>
         <input_file_ref idref="fl-4e"/>
      </object_component>
      <object_component id="oc-72">
         <name>.text:_isr:_c_int00_noexit</name>
         <load_address>0x4400</load_address>
         <run_address>0x4400</run_address>
         <size>0x1a</size>
         <input_file_ref idref="fl-48"/>
      </object_component>
      <object_component id="oc-b9">
         <name>.text:_isr:Timer_A0</name>
         <load_address>0x441a</load_address>
         <run_address>0x441a</run_address>
         <size>0x12</size>
         <input_file_ref idref="fl-3"/>
      </object_component>
      <object_component id="oc-bf">
         <name>.text:_isr:ADC12_ISR</name>
         <load_address>0x442c</load_address>
         <run_address>0x442c</run_address>
         <size>0x8</size>
         <input_file_ref idref="fl-3"/>
      </object_component>
      <object_component id="oc-401">
         <name>__TI_handler_table</name>
         <load_address>0x4434</load_address>
         <run_address>0x4434</run_address>
         <size>0xc</size>
      </object_component>
      <object_component id="oc-404">
         <name>.cinit..data.load</name>
         <load_address>0x4440</load_address>
         <run_address>0x4440</run_address>
         <size>0xb</size>
      </object_component>
      <object_component id="oc-403">
         <name>.cinit..bss.load</name>
         <load_address>0x444c</load_address>
         <run_address>0x444c</run_address>
         <size>0x6</size>
      </object_component>
      <object_component id="oc-402">
         <name>__TI_cinit_table</name>
         <load_address>0x4452</load_address>
         <run_address>0x4452</run_address>
         <size>0x10</size>
      </object_component>
      <object_component id="oc-100">
         <name>.const:.string:Image_26_Black</name>
         <load_address>0x10000</load_address>
         <run_address>0x10000</run_address>
         <size>0xe80</size>
         <input_file_ref idref="fl-8"/>
      </object_component>
      <object_component id="oc-112">
         <name>.const:.string:Image_26_ECG01</name>
         <load_address>0x10e80</load_address>
         <run_address>0x10e80</run_address>
         <size>0xe80</size>
         <input_file_ref idref="fl-9"/>
      </object_component>
      <object_component id="oc-11b">
         <name>.const:.string:Image_26_ECG02</name>
         <load_address>0x11d00</load_address>
         <run_address>0x11d00</run_address>
         <size>0xe80</size>
         <input_file_ref idref="fl-a"/>
      </object_component>
      <object_component id="oc-11e">
         <name>.const:.string:Image_26_ECG03</name>
         <load_address>0x12b80</load_address>
         <run_address>0x12b80</run_address>
         <size>0xe80</size>
         <input_file_ref idref="fl-b"/>
      </object_component>
      <object_component id="oc-121">
         <name>.const:.string:Image_26_ECG04</name>
         <load_address>0x13a00</load_address>
         <run_address>0x13a00</run_address>
         <size>0xe80</size>
         <input_file_ref idref="fl-c"/>
      </object_component>
      <object_component id="oc-124">
         <name>.const:.string:Image_26_ECG05</name>
         <load_address>0x14880</load_address>
         <run_address>0x14880</run_address>
         <size>0xe80</size>
         <input_file_ref idref="fl-d"/>
      </object_component>
      <object_component id="oc-127">
         <name>.const:.string:Image_26_ECG06</name>
         <load_address>0x15700</load_address>
         <run_address>0x15700</run_address>
         <size>0xe80</size>
         <input_file_ref idref="fl-e"/>
      </object_component>
      <object_component id="oc-12a">
         <name>.const:.string:Image_26_ECG07</name>
         <load_address>0x16580</load_address>
         <run_address>0x16580</run_address>
         <size>0xe80</size>
         <input_file_ref idref="fl-f"/>
      </object_component>
      <object_component id="oc-12d">
         <name>.const:.string:Image_26_ECG08</name>
         <load_address>0x17400</load_address>
         <run_address>0x17400</run_address>
         <size>0xe80</size>
         <input_file_ref idref="fl-10"/>
      </object_component>
      <object_component id="oc-130">
         <name>.const:.string:Image_26_ECG09</name>
         <load_address>0x18280</load_address>
         <run_address>0x18280</run_address>
         <size>0xe80</size>
         <input_file_ref idref="fl-11"/>
      </object_component>
      <object_component id="oc-133">
         <name>.const:.string:Image_26_ECG10</name>
         <load_address>0x19100</load_address>
         <run_address>0x19100</run_address>
         <size>0xe80</size>
         <input_file_ref idref="fl-12"/>
      </object_component>
      <object_component id="oc-136">
         <name>.const:.string:Image_26_ECG11</name>
         <load_address>0x19f80</load_address>
         <run_address>0x19f80</run_address>
         <size>0xe80</size>
         <input_file_ref idref="fl-13"/>
      </object_component>
      <object_component id="oc-139">
         <name>.const:.string:Image_26_ECG12</name>
         <load_address>0x1ae00</load_address>
         <run_address>0x1ae00</run_address>
         <size>0xe80</size>
         <input_file_ref idref="fl-14"/>
      </object_component>
      <object_component id="oc-13c">
         <name>.const:.string:Image_26_ECG13</name>
         <load_address>0x1bc80</load_address>
         <run_address>0x1bc80</run_address>
         <size>0xe80</size>
         <input_file_ref idref="fl-15"/>
      </object_component>
      <object_component id="oc-13f">
         <name>.const:.string:Image_26_ECG14</name>
         <load_address>0x1cb00</load_address>
         <run_address>0x1cb00</run_address>
         <size>0xe80</size>
         <input_file_ref idref="fl-16"/>
      </object_component>
      <object_component id="oc-142">
         <name>.const:.string:Image_26_ECG15</name>
         <load_address>0x1d980</load_address>
         <run_address>0x1d980</run_address>
         <size>0xe80</size>
         <input_file_ref idref="fl-17"/>
      </object_component>
      <object_component id="oc-145">
         <name>.const:.string:Image_26_ECG16</name>
         <load_address>0x1e800</load_address>
         <run_address>0x1e800</run_address>
         <size>0xe80</size>
         <input_file_ref idref="fl-18"/>
      </object_component>
      <object_component id="oc-103">
         <name>.const:.string:Image_26_White</name>
         <load_address>0x1f680</load_address>
         <run_address>0x1f680</run_address>
         <size>0xe80</size>
         <input_file_ref idref="fl-19"/>
      </object_component>
      <object_component id="oc-230">
         <name>.const:COG_parameters</name>
         <load_address>0x20500</load_address>
         <run_address>0x20500</run_address>
         <size>0x64</size>
         <input_file_ref idref="fl-7"/>
      </object_component>
      <object_component id="oc-2fa">
         <name>.const:temperature_table</name>
         <load_address>0x20564</load_address>
         <run_address>0x20564</run_address>
         <size>0x50</size>
         <input_file_ref idref="fl-7"/>
      </object_component>
      <object_component id="oc-2ef">
         <name>.const:data_lookuptable</name>
         <load_address>0x205b4</load_address>
         <run_address>0x205b4</run_address>
         <size>0x40</size>
         <input_file_ref idref="fl-7"/>
      </object_component>
      <object_component id="oc-2e5">
         <name>.const:.string:scan_lookuptable</name>
         <load_address>0x205f4</load_address>
         <run_address>0x205f4</run_address>
         <size>0x8</size>
         <input_file_ref idref="fl-7"/>
      </object_component>
      <object_component id="oc-2e1">
         <name>.const:.string:BORDER_TABLE</name>
         <load_address>0x205fc</load_address>
         <run_address>0x205fc</run_address>
         <size>0x4</size>
         <input_file_ref idref="fl-7"/>
      </object_component>
      <object_component id="oc-2c9">
         <name>.const:.string:SCAN_TABLE</name>
         <load_address>0x20600</load_address>
         <run_address>0x20600</run_address>
         <size>0x4</size>
         <input_file_ref idref="fl-7"/>
      </object_component>
      <object_component id="oc-69">
         <name>.int41</name>
         <load_address>0xffd2</load_address>
         <run_address>0xffd2</run_address>
         <size>0x2</size>
         <input_file_ref idref="fl-51"/>
      </object_component>
      <object_component id="oc-6a">
         <name>.int42</name>
         <load_address>0xffd4</load_address>
         <run_address>0xffd4</run_address>
         <size>0x2</size>
         <input_file_ref idref="fl-52"/>
      </object_component>
      <object_component id="oc-6b">
         <name>.int43</name>
         <load_address>0xffd6</load_address>
         <run_address>0xffd6</run_address>
         <size>0x2</size>
         <input_file_ref idref="fl-53"/>
      </object_component>
      <object_component id="oc-6c">
         <name>.int44</name>
         <load_address>0xffd8</load_address>
         <run_address>0xffd8</run_address>
         <size>0x2</size>
         <input_file_ref idref="fl-54"/>
      </object_component>
      <object_component id="oc-6d">
         <name>.int45</name>
         <load_address>0xffda</load_address>
         <run_address>0xffda</run_address>
         <size>0x2</size>
         <input_file_ref idref="fl-55"/>
      </object_component>
      <object_component id="oc-6e">
         <name>.int46</name>
         <load_address>0xffdc</load_address>
         <run_address>0xffdc</run_address>
         <size>0x2</size>
         <input_file_ref idref="fl-56"/>
      </object_component>
      <object_component id="oc-6f">
         <name>.int47</name>
         <load_address>0xffde</load_address>
         <run_address>0xffde</run_address>
         <size>0x2</size>
         <input_file_ref idref="fl-57"/>
      </object_component>
      <object_component id="oc-70">
         <name>.int48</name>
         <load_address>0xffe0</load_address>
         <run_address>0xffe0</run_address>
         <size>0x2</size>
         <input_file_ref idref="fl-58"/>
      </object_component>
      <object_component id="oc-71">
         <name>.int49</name>
         <load_address>0xffe2</load_address>
         <run_address>0xffe2</run_address>
         <size>0x2</size>
         <input_file_ref idref="fl-59"/>
      </object_component>
      <object_component id="oc-78">
         <name>.int50</name>
         <load_address>0xffe4</load_address>
         <run_address>0xffe4</run_address>
         <size>0x2</size>
         <input_file_ref idref="fl-5a"/>
      </object_component>
      <object_component id="oc-79">
         <name>.int51</name>
         <load_address>0xffe6</load_address>
         <run_address>0xffe6</run_address>
         <size>0x2</size>
         <input_file_ref idref="fl-5b"/>
      </object_component>
      <object_component id="oc-7a">
         <name>.int52</name>
         <load_address>0xffe8</load_address>
         <run_address>0xffe8</run_address>
         <size>0x2</size>
         <input_file_ref idref="fl-3"/>
      </object_component>
      <object_component id="oc-7b">
         <name>.int53</name>
         <load_address>0xffea</load_address>
         <run_address>0xffea</run_address>
         <size>0x2</size>
         <input_file_ref idref="fl-5c"/>
      </object_component>
      <object_component id="oc-7c">
         <name>.int54</name>
         <load_address>0xffec</load_address>
         <run_address>0xffec</run_address>
         <size>0x2</size>
         <input_file_ref idref="fl-3"/>
      </object_component>
      <object_component id="oc-7d">
         <name>.int55</name>
         <load_address>0xffee</load_address>
         <run_address>0xffee</run_address>
         <size>0x2</size>
         <input_file_ref idref="fl-5d"/>
      </object_component>
      <object_component id="oc-7e">
         <name>.int56</name>
         <load_address>0xfff0</load_address>
         <run_address>0xfff0</run_address>
         <size>0x2</size>
         <input_file_ref idref="fl-5e"/>
      </object_component>
      <object_component id="oc-7f">
         <name>.int57</name>
         <load_address>0xfff2</load_address>
         <run_address>0xfff2</run_address>
         <size>0x2</size>
         <input_file_ref idref="fl-5f"/>
      </object_component>
      <object_component id="oc-80">
         <name>.int58</name>
         <load_address>0xfff4</load_address>
         <run_address>0xfff4</run_address>
         <size>0x2</size>
         <input_file_ref idref="fl-60"/>
      </object_component>
      <object_component id="oc-81">
         <name>.int59</name>
         <load_address>0xfff6</load_address>
         <run_address>0xfff6</run_address>
         <size>0x2</size>
         <input_file_ref idref="fl-61"/>
      </object_component>
      <object_component id="oc-82">
         <name>.int60</name>
         <load_address>0xfff8</load_address>
         <run_address>0xfff8</run_address>
         <size>0x2</size>
         <input_file_ref idref="fl-62"/>
      </object_component>
      <object_component id="oc-83">
         <name>.int61</name>
         <load_address>0xfffa</load_address>
         <run_address>0xfffa</run_address>
         <size>0x2</size>
         <input_file_ref idref="fl-63"/>
      </object_component>
      <object_component id="oc-84">
         <name>.int62</name>
         <load_address>0xfffc</load_address>
         <run_address>0xfffc</run_address>
         <size>0x2</size>
         <input_file_ref idref="fl-64"/>
      </object_component>
      <object_component id="oc-9a">
         <name>.reset</name>
         <load_address>0xfffe</load_address>
         <run_address>0xfffe</run_address>
         <size>0x2</size>
         <input_file_ref idref="fl-48"/>
      </object_component>
      <object_component id="oc-397">
         <name>.common:EPD_Counter</name>
         <uninitialized>true</uninitialized>
         <run_address>0x248c</run_address>
         <size>0x2</size>
      </object_component>
      <object_component id="oc-2fd">
         <name>.common:stage_time</name>
         <uninitialized>true</uninitialized>
         <run_address>0x2490</run_address>
         <size>0x2</size>
      </object_component>
      <object_component id="oc-376">
         <name>.common:COG_Line</name>
         <uninitialized>true</uninitialized>
         <run_address>0x2400</run_address>
         <size>0x6f</size>
      </object_component>
      <object_component id="oc-35e">
         <name>.common:_On_EPD_read_flash</name>
         <uninitialized>true</uninitialized>
         <run_address>0x2470</run_address>
         <size>0x4</size>
      </object_component>
      <object_component id="oc-2f5">
         <name>.common:current_frame_time</name>
         <uninitialized>true</uninitialized>
         <run_address>0x248e</run_address>
         <size>0x2</size>
      </object_component>
      <object_component id="oc-371">
         <name>.common:data_line_even</name>
         <uninitialized>true</uninitialized>
         <run_address>0x2478</run_address>
         <size>0x4</size>
      </object_component>
      <object_component id="oc-372">
         <name>.common:data_line_odd</name>
         <uninitialized>true</uninitialized>
         <run_address>0x247c</run_address>
         <size>0x4</size>
      </object_component>
      <object_component id="oc-373">
         <name>.common:data_line_scan</name>
         <uninitialized>true</uninitialized>
         <run_address>0x2480</run_address>
         <size>0x4</size>
      </object_component>
      <object_component id="oc-352">
         <name>.common:data_line_border_byte</name>
         <uninitialized>true</uninitialized>
         <run_address>0x2474</run_address>
         <size>0x4</size>
      </object_component>
      <object_component id="oc-35c">
         <name>.common:previous_lin</name>
         <uninitialized>true</uninitialized>
         <run_address>0x2488</run_address>
         <size>0x4</size>
      </object_component>
      <object_component id="oc-35f">
         <name>.common:new_line</name>
         <uninitialized>true</uninitialized>
         <run_address>0x2484</run_address>
         <size>0x4</size>
      </object_component>
      <object_component id="oc-fd">
         <name>.data</name>
         <load_address>0x2492</load_address>
         <run_address>0x2492</run_address>
         <size>0x4</size>
         <input_file_ref idref="fl-7"/>
      </object_component>
      <object_component id="oc-1f8">
         <name>.data</name>
         <load_address>0x2496</load_address>
         <run_address>0x2496</run_address>
         <size>0x1</size>
         <input_file_ref idref="fl-3"/>
      </object_component>
      <object_component id="oc-73">
         <name>.debug_info</name>
         <load_address>0x0</load_address>
         <run_address>0x0</run_address>
         <size>0x125</size>
         <input_file_ref idref="fl-48"/>
      </object_component>
      <object_component id="oc-88">
         <name>.debug_info</name>
         <load_address>0x125</load_address>
         <run_address>0x125</run_address>
         <size>0x194</size>
         <input_file_ref idref="fl-49"/>
      </object_component>
      <object_component id="oc-8d">
         <name>.debug_info</name>
         <load_address>0x2b9</load_address>
         <run_address>0x2b9</run_address>
         <size>0x16f</size>
         <input_file_ref idref="fl-4b"/>
      </object_component>
      <object_component id="oc-94">
         <name>.debug_info</name>
         <load_address>0x428</load_address>
         <run_address>0x428</run_address>
         <size>0x18e</size>
         <input_file_ref idref="fl-4a"/>
      </object_component>
      <object_component id="oc-98">
         <name>.debug_info</name>
         <load_address>0x5b6</load_address>
         <run_address>0x5b6</run_address>
         <size>0xaa</size>
         <input_file_ref idref="fl-48"/>
      </object_component>
      <object_component id="oc-9c">
         <name>.debug_info</name>
         <load_address>0x660</load_address>
         <run_address>0x660</run_address>
         <size>0xc2</size>
         <input_file_ref idref="fl-65"/>
      </object_component>
      <object_component id="oc-a3">
         <name>.debug_info</name>
         <load_address>0x722</load_address>
         <run_address>0x722</run_address>
         <size>0xfd</size>
         <input_file_ref idref="fl-6a"/>
      </object_component>
      <object_component id="oc-a7">
         <name>.debug_info</name>
         <load_address>0x81f</load_address>
         <run_address>0x81f</run_address>
         <size>0x1a0</size>
         <input_file_ref idref="fl-6d"/>
      </object_component>
      <object_component id="oc-ae">
         <name>.debug_info</name>
         <load_address>0x9bf</load_address>
         <run_address>0x9bf</run_address>
         <size>0x3ec</size>
         <input_file_ref idref="fl-2"/>
      </object_component>
      <object_component id="oc-b3">
         <name>.debug_info</name>
         <load_address>0xdab</load_address>
         <run_address>0xdab</run_address>
         <size>0xcc</size>
         <input_file_ref idref="fl-4e"/>
      </object_component>
      <object_component id="oc-ba">
         <name>.debug_info</name>
         <load_address>0xe77</load_address>
         <run_address>0xe77</run_address>
         <size>0x1d8</size>
         <input_file_ref idref="fl-3"/>
      </object_component>
      <object_component id="oc-c0">
         <name>.debug_info</name>
         <load_address>0x104f</load_address>
         <run_address>0x104f</run_address>
         <size>0x1dd</size>
         <input_file_ref idref="fl-3"/>
      </object_component>
      <object_component id="oc-c7">
         <name>.debug_info</name>
         <load_address>0x122c</load_address>
         <run_address>0x122c</run_address>
         <size>0x157</size>
         <input_file_ref idref="fl-66"/>
      </object_component>
      <object_component id="oc-cc">
         <name>.debug_info</name>
         <load_address>0x1383</load_address>
         <run_address>0x1383</run_address>
         <size>0x46</size>
         <input_file_ref idref="fl-49"/>
      </object_component>
      <object_component id="oc-d1">
         <name>.debug_info</name>
         <load_address>0x13c9</load_address>
         <run_address>0x13c9</run_address>
         <size>0x17b</size>
         <input_file_ref idref="fl-49"/>
      </object_component>
      <object_component id="oc-d3">
         <name>.debug_info</name>
         <load_address>0x1544</load_address>
         <run_address>0x1544</run_address>
         <size>0x46</size>
         <input_file_ref idref="fl-4b"/>
      </object_component>
      <object_component id="oc-d8">
         <name>.debug_info</name>
         <load_address>0x158a</load_address>
         <run_address>0x158a</run_address>
         <size>0x129</size>
         <input_file_ref idref="fl-4b"/>
      </object_component>
      <object_component id="oc-dc">
         <name>.debug_info</name>
         <load_address>0x16b3</load_address>
         <run_address>0x16b3</run_address>
         <size>0x1ef</size>
         <input_file_ref idref="fl-4a"/>
      </object_component>
      <object_component id="oc-e0">
         <name>.debug_info</name>
         <load_address>0x18a2</load_address>
         <run_address>0x18a2</run_address>
         <size>0x138</size>
         <input_file_ref idref="fl-4a"/>
      </object_component>
      <object_component id="oc-e1">
         <name>.debug_info</name>
         <load_address>0x19da</load_address>
         <run_address>0x19da</run_address>
         <size>0x39</size>
         <input_file_ref idref="fl-4a"/>
      </object_component>
      <object_component id="oc-e8">
         <name>.debug_info</name>
         <load_address>0x1a13</load_address>
         <run_address>0x1a13</run_address>
         <size>0x84</size>
         <input_file_ref idref="fl-2"/>
      </object_component>
      <object_component id="oc-f0">
         <name>.debug_info</name>
         <load_address>0x1a97</load_address>
         <run_address>0x1a97</run_address>
         <size>0x2d8</size>
         <input_file_ref idref="fl-6d"/>
      </object_component>
      <object_component id="oc-f2">
         <name>.debug_info</name>
         <load_address>0x1d6f</load_address>
         <run_address>0x1d6f</run_address>
         <size>0x213</size>
         <input_file_ref idref="fl-3"/>
      </object_component>
      <object_component id="oc-f8">
         <name>.debug_info</name>
         <load_address>0x1f82</load_address>
         <run_address>0x1f82</run_address>
         <size>0x246</size>
         <input_file_ref idref="fl-3"/>
      </object_component>
      <object_component id="oc-fe">
         <name>.debug_info</name>
         <load_address>0x21c8</load_address>
         <run_address>0x21c8</run_address>
         <size>0x1b1</size>
         <input_file_ref idref="fl-7"/>
      </object_component>
      <object_component id="oc-101">
         <name>.debug_info</name>
         <load_address>0x2379</load_address>
         <run_address>0x2379</run_address>
         <size>0x146</size>
         <input_file_ref idref="fl-8"/>
      </object_component>
      <object_component id="oc-104">
         <name>.debug_info</name>
         <load_address>0x24bf</load_address>
         <run_address>0x24bf</run_address>
         <size>0x146</size>
         <input_file_ref idref="fl-19"/>
      </object_component>
      <object_component id="oc-108">
         <name>.debug_info</name>
         <load_address>0x2605</load_address>
         <run_address>0x2605</run_address>
         <size>0x352</size>
         <input_file_ref idref="fl-5"/>
      </object_component>
      <object_component id="oc-10d">
         <name>.debug_info</name>
         <load_address>0x2957</load_address>
         <run_address>0x2957</run_address>
         <size>0x25e</size>
         <input_file_ref idref="fl-5"/>
      </object_component>
      <object_component id="oc-113">
         <name>.debug_info</name>
         <load_address>0x2bb5</load_address>
         <run_address>0x2bb5</run_address>
         <size>0x146</size>
         <input_file_ref idref="fl-9"/>
      </object_component>
      <object_component id="oc-118">
         <name>.debug_info</name>
         <load_address>0x2cfb</load_address>
         <run_address>0x2cfb</run_address>
         <size>0x2cb</size>
         <input_file_ref idref="fl-7"/>
      </object_component>
      <object_component id="oc-11c">
         <name>.debug_info</name>
         <load_address>0x2fc6</load_address>
         <run_address>0x2fc6</run_address>
         <size>0x146</size>
         <input_file_ref idref="fl-a"/>
      </object_component>
      <object_component id="oc-11f">
         <name>.debug_info</name>
         <load_address>0x310c</load_address>
         <run_address>0x310c</run_address>
         <size>0x146</size>
         <input_file_ref idref="fl-b"/>
      </object_component>
      <object_component id="oc-122">
         <name>.debug_info</name>
         <load_address>0x3252</load_address>
         <run_address>0x3252</run_address>
         <size>0x146</size>
         <input_file_ref idref="fl-c"/>
      </object_component>
      <object_component id="oc-125">
         <name>.debug_info</name>
         <load_address>0x3398</load_address>
         <run_address>0x3398</run_address>
         <size>0x146</size>
         <input_file_ref idref="fl-d"/>
      </object_component>
      <object_component id="oc-128">
         <name>.debug_info</name>
         <load_address>0x34de</load_address>
         <run_address>0x34de</run_address>
         <size>0x146</size>
         <input_file_ref idref="fl-e"/>
      </object_component>
      <object_component id="oc-12b">
         <name>.debug_info</name>
         <load_address>0x3624</load_address>
         <run_address>0x3624</run_address>
         <size>0x146</size>
         <input_file_ref idref="fl-f"/>
      </object_component>
      <object_component id="oc-12e">
         <name>.debug_info</name>
         <load_address>0x376a</load_address>
         <run_address>0x376a</run_address>
         <size>0x146</size>
         <input_file_ref idref="fl-10"/>
      </object_component>
      <object_component id="oc-131">
         <name>.debug_info</name>
         <load_address>0x38b0</load_address>
         <run_address>0x38b0</run_address>
         <size>0x146</size>
         <input_file_ref idref="fl-11"/>
      </object_component>
      <object_component id="oc-134">
         <name>.debug_info</name>
         <load_address>0x39f6</load_address>
         <run_address>0x39f6</run_address>
         <size>0x146</size>
         <input_file_ref idref="fl-12"/>
      </object_component>
      <object_component id="oc-137">
         <name>.debug_info</name>
         <load_address>0x3b3c</load_address>
         <run_address>0x3b3c</run_address>
         <size>0x146</size>
         <input_file_ref idref="fl-13"/>
      </object_component>
      <object_component id="oc-13a">
         <name>.debug_info</name>
         <load_address>0x3c82</load_address>
         <run_address>0x3c82</run_address>
         <size>0x146</size>
         <input_file_ref idref="fl-14"/>
      </object_component>
      <object_component id="oc-13d">
         <name>.debug_info</name>
         <load_address>0x3dc8</load_address>
         <run_address>0x3dc8</run_address>
         <size>0x146</size>
         <input_file_ref idref="fl-15"/>
      </object_component>
      <object_component id="oc-140">
         <name>.debug_info</name>
         <load_address>0x3f0e</load_address>
         <run_address>0x3f0e</run_address>
         <size>0x146</size>
         <input_file_ref idref="fl-16"/>
      </object_component>
      <object_component id="oc-143">
         <name>.debug_info</name>
         <load_address>0x4054</load_address>
         <run_address>0x4054</run_address>
         <size>0x146</size>
         <input_file_ref idref="fl-17"/>
      </object_component>
      <object_component id="oc-146">
         <name>.debug_info</name>
         <load_address>0x419a</load_address>
         <run_address>0x419a</run_address>
         <size>0x146</size>
         <input_file_ref idref="fl-18"/>
      </object_component>
      <object_component id="oc-149">
         <name>.debug_info</name>
         <load_address>0x42e0</load_address>
         <run_address>0x42e0</run_address>
         <size>0x201</size>
         <input_file_ref idref="fl-5"/>
      </object_component>
      <object_component id="oc-14f">
         <name>.debug_info</name>
         <load_address>0x44e1</load_address>
         <run_address>0x44e1</run_address>
         <size>0x1f1</size>
         <input_file_ref idref="fl-3"/>
      </object_component>
      <object_component id="oc-157">
         <name>.debug_info</name>
         <load_address>0x46d2</load_address>
         <run_address>0x46d2</run_address>
         <size>0x939</size>
         <input_file_ref idref="fl-3"/>
      </object_component>
      <object_component id="oc-15c">
         <name>.debug_info</name>
         <load_address>0x500b</load_address>
         <run_address>0x500b</run_address>
         <size>0x13b</size>
         <input_file_ref idref="fl-66"/>
      </object_component>
      <object_component id="oc-15d">
         <name>.debug_info</name>
         <load_address>0x5146</load_address>
         <run_address>0x5146</run_address>
         <size>0x2c</size>
         <input_file_ref idref="fl-2"/>
      </object_component>
      <object_component id="oc-164">
         <name>.debug_info</name>
         <load_address>0x5172</load_address>
         <run_address>0x5172</run_address>
         <size>0x2c</size>
         <input_file_ref idref="fl-49"/>
      </object_component>
      <object_component id="oc-170">
         <name>.debug_info</name>
         <load_address>0x519e</load_address>
         <run_address>0x519e</run_address>
         <size>0x39</size>
         <input_file_ref idref="fl-6d"/>
      </object_component>
      <object_component id="oc-176">
         <name>.debug_info</name>
         <load_address>0x51d7</load_address>
         <run_address>0x51d7</run_address>
         <size>0x204</size>
         <input_file_ref idref="fl-3"/>
      </object_component>
      <object_component id="oc-17d">
         <name>.debug_info</name>
         <load_address>0x53db</load_address>
         <run_address>0x53db</run_address>
         <size>0x1f0</size>
         <input_file_ref idref="fl-3"/>
      </object_component>
      <object_component id="oc-183">
         <name>.debug_info</name>
         <load_address>0x55cb</load_address>
         <run_address>0x55cb</run_address>
         <size>0x1df</size>
         <input_file_ref idref="fl-3"/>
      </object_component>
      <object_component id="oc-189">
         <name>.debug_info</name>
         <load_address>0x57aa</load_address>
         <run_address>0x57aa</run_address>
         <size>0x1f6</size>
         <input_file_ref idref="fl-3"/>
      </object_component>
      <object_component id="oc-191">
         <name>.debug_info</name>
         <load_address>0x59a0</load_address>
         <run_address>0x59a0</run_address>
         <size>0x18b</size>
         <input_file_ref idref="fl-2"/>
      </object_component>
      <object_component id="oc-198">
         <name>.debug_info</name>
         <load_address>0x5b2b</load_address>
         <run_address>0x5b2b</run_address>
         <size>0x139</size>
         <input_file_ref idref="fl-8"/>
      </object_component>
      <object_component id="oc-19b">
         <name>.debug_info</name>
         <load_address>0x5c64</load_address>
         <run_address>0x5c64</run_address>
         <size>0x139</size>
         <input_file_ref idref="fl-19"/>
      </object_component>
      <object_component id="oc-19f">
         <name>.debug_info</name>
         <load_address>0x5d9d</load_address>
         <run_address>0x5d9d</run_address>
         <size>0x3c4</size>
         <input_file_ref idref="fl-7"/>
      </object_component>
      <object_component id="oc-1a3">
         <name>.debug_info</name>
         <load_address>0x6161</load_address>
         <run_address>0x6161</run_address>
         <size>0x447</size>
         <input_file_ref idref="fl-5"/>
      </object_component>
      <object_component id="oc-1a7">
         <name>.debug_info</name>
         <load_address>0x65a8</load_address>
         <run_address>0x65a8</run_address>
         <size>0x315</size>
         <input_file_ref idref="fl-7"/>
      </object_component>
      <object_component id="oc-1ad">
         <name>.debug_info</name>
         <load_address>0x68bd</load_address>
         <run_address>0x68bd</run_address>
         <size>0x3fc</size>
         <input_file_ref idref="fl-7"/>
      </object_component>
      <object_component id="oc-1b3">
         <name>.debug_info</name>
         <load_address>0x6cb9</load_address>
         <run_address>0x6cb9</run_address>
         <size>0x139</size>
         <input_file_ref idref="fl-9"/>
      </object_component>
      <object_component id="oc-1b7">
         <name>.debug_info</name>
         <load_address>0x6df2</load_address>
         <run_address>0x6df2</run_address>
         <size>0x52f</size>
         <input_file_ref idref="fl-7"/>
      </object_component>
      <object_component id="oc-1bb">
         <name>.debug_info</name>
         <load_address>0x7321</load_address>
         <run_address>0x7321</run_address>
         <size>0x74a</size>
         <input_file_ref idref="fl-7"/>
      </object_component>
      <object_component id="oc-1bf">
         <name>.debug_info</name>
         <load_address>0x7a6b</load_address>
         <run_address>0x7a6b</run_address>
         <size>0x139</size>
         <input_file_ref idref="fl-a"/>
      </object_component>
      <object_component id="oc-1c2">
         <name>.debug_info</name>
         <load_address>0x7ba4</load_address>
         <run_address>0x7ba4</run_address>
         <size>0x139</size>
         <input_file_ref idref="fl-b"/>
      </object_component>
      <object_component id="oc-1c5">
         <name>.debug_info</name>
         <load_address>0x7cdd</load_address>
         <run_address>0x7cdd</run_address>
         <size>0x139</size>
         <input_file_ref idref="fl-c"/>
      </object_component>
      <object_component id="oc-1c8">
         <name>.debug_info</name>
         <load_address>0x7e16</load_address>
         <run_address>0x7e16</run_address>
         <size>0x139</size>
         <input_file_ref idref="fl-d"/>
      </object_component>
      <object_component id="oc-1cb">
         <name>.debug_info</name>
         <load_address>0x7f4f</load_address>
         <run_address>0x7f4f</run_address>
         <size>0x139</size>
         <input_file_ref idref="fl-e"/>
      </object_component>
      <object_component id="oc-1ce">
         <name>.debug_info</name>
         <load_address>0x8088</load_address>
         <run_address>0x8088</run_address>
         <size>0x139</size>
         <input_file_ref idref="fl-f"/>
      </object_component>
      <object_component id="oc-1d1">
         <name>.debug_info</name>
         <load_address>0x81c1</load_address>
         <run_address>0x81c1</run_address>
         <size>0x139</size>
         <input_file_ref idref="fl-10"/>
      </object_component>
      <object_component id="oc-1d4">
         <name>.debug_info</name>
         <load_address>0x82fa</load_address>
         <run_address>0x82fa</run_address>
         <size>0x139</size>
         <input_file_ref idref="fl-11"/>
      </object_component>
      <object_component id="oc-1d7">
         <name>.debug_info</name>
         <load_address>0x8433</load_address>
         <run_address>0x8433</run_address>
         <size>0x139</size>
         <input_file_ref idref="fl-12"/>
      </object_component>
      <object_component id="oc-1da">
         <name>.debug_info</name>
         <load_address>0x856c</load_address>
         <run_address>0x856c</run_address>
         <size>0x139</size>
         <input_file_ref idref="fl-13"/>
      </object_component>
      <object_component id="oc-1dd">
         <name>.debug_info</name>
         <load_address>0x86a5</load_address>
         <run_address>0x86a5</run_address>
         <size>0x139</size>
         <input_file_ref idref="fl-14"/>
      </object_component>
      <object_component id="oc-1e0">
         <name>.debug_info</name>
         <load_address>0x87de</load_address>
         <run_address>0x87de</run_address>
         <size>0x139</size>
         <input_file_ref idref="fl-15"/>
      </object_component>
      <object_component id="oc-1e3">
         <name>.debug_info</name>
         <load_address>0x8917</load_address>
         <run_address>0x8917</run_address>
         <size>0x139</size>
         <input_file_ref idref="fl-16"/>
      </object_component>
      <object_component id="oc-1e6">
         <name>.debug_info</name>
         <load_address>0x8a50</load_address>
         <run_address>0x8a50</run_address>
         <size>0x139</size>
         <input_file_ref idref="fl-17"/>
      </object_component>
      <object_component id="oc-1e9">
         <name>.debug_info</name>
         <load_address>0x8b89</load_address>
         <run_address>0x8b89</run_address>
         <size>0x139</size>
         <input_file_ref idref="fl-18"/>
      </object_component>
      <object_component id="oc-1ee">
         <name>.debug_info</name>
         <load_address>0x8cc2</load_address>
         <run_address>0x8cc2</run_address>
         <size>0x45b</size>
         <input_file_ref idref="fl-7"/>
      </object_component>
      <object_component id="oc-1f9">
         <name>.debug_info</name>
         <load_address>0x911d</load_address>
         <run_address>0x911d</run_address>
         <size>0x14c</size>
         <input_file_ref idref="fl-3"/>
      </object_component>
      <object_component id="oc-205">
         <name>.debug_info</name>
         <load_address>0x9269</load_address>
         <run_address>0x9269</run_address>
         <size>0x50a</size>
         <input_file_ref idref="fl-7"/>
      </object_component>
      <object_component id="oc-20b">
         <name>.debug_info</name>
         <load_address>0x9773</load_address>
         <run_address>0x9773</run_address>
         <size>0x569</size>
         <input_file_ref idref="fl-7"/>
      </object_component>
      <object_component id="oc-212">
         <name>.debug_info</name>
         <load_address>0x9cdc</load_address>
         <run_address>0x9cdc</run_address>
         <size>0x236</size>
         <input_file_ref idref="fl-3"/>
      </object_component>
      <object_component id="oc-218">
         <name>.debug_info</name>
         <load_address>0x9f12</load_address>
         <run_address>0x9f12</run_address>
         <size>0x1f6</size>
         <input_file_ref idref="fl-3"/>
      </object_component>
      <object_component id="oc-220">
         <name>.debug_info</name>
         <load_address>0xa108</load_address>
         <run_address>0xa108</run_address>
         <size>0x266</size>
         <input_file_ref idref="fl-7"/>
      </object_component>
      <object_component id="oc-228">
         <name>.debug_info</name>
         <load_address>0xa36e</load_address>
         <run_address>0xa36e</run_address>
         <size>0x22f</size>
         <input_file_ref idref="fl-7"/>
      </object_component>
      <object_component id="oc-22e">
         <name>.debug_info</name>
         <load_address>0xa59d</load_address>
         <run_address>0xa59d</run_address>
         <size>0xe3</size>
         <input_file_ref idref="fl-68"/>
      </object_component>
      <object_component id="oc-231">
         <name>.debug_info</name>
         <load_address>0xa680</load_address>
         <run_address>0xa680</run_address>
         <size>0x16b</size>
         <input_file_ref idref="fl-7"/>
      </object_component>
      <object_component id="oc-234">
         <name>.debug_info</name>
         <load_address>0xa7eb</load_address>
         <run_address>0xa7eb</run_address>
         <size>0x2ec</size>
         <input_file_ref idref="fl-3"/>
      </object_component>
      <object_component id="oc-23a">
         <name>.debug_info</name>
         <load_address>0xaad7</load_address>
         <run_address>0xaad7</run_address>
         <size>0x2cc</size>
         <input_file_ref idref="fl-3"/>
      </object_component>
      <object_component id="oc-24a">
         <name>.debug_info</name>
         <load_address>0xada3</load_address>
         <run_address>0xada3</run_address>
         <size>0x5e8</size>
         <input_file_ref idref="fl-7"/>
      </object_component>
      <object_component id="oc-251">
         <name>.debug_info</name>
         <load_address>0xb38b</load_address>
         <run_address>0xb38b</run_address>
         <size>0x2b8</size>
         <input_file_ref idref="fl-7"/>
      </object_component>
      <object_component id="oc-257">
         <name>.debug_info</name>
         <load_address>0xb643</load_address>
         <run_address>0xb643</run_address>
         <size>0x29e</size>
         <input_file_ref idref="fl-7"/>
      </object_component>
      <object_component id="oc-25c">
         <name>.debug_info</name>
         <load_address>0xb8e1</load_address>
         <run_address>0xb8e1</run_address>
         <size>0x627</size>
         <input_file_ref idref="fl-7"/>
      </object_component>
      <object_component id="oc-262">
         <name>.debug_info</name>
         <load_address>0xbf08</load_address>
         <run_address>0xbf08</run_address>
         <size>0x327</size>
         <input_file_ref idref="fl-7"/>
      </object_component>
      <object_component id="oc-266">
         <name>.debug_info</name>
         <load_address>0xc22f</load_address>
         <run_address>0xc22f</run_address>
         <size>0x2c</size>
         <input_file_ref idref="fl-2"/>
      </object_component>
      <object_component id="oc-26d">
         <name>.debug_info</name>
         <load_address>0xc25b</load_address>
         <run_address>0xc25b</run_address>
         <size>0x3b6</size>
         <input_file_ref idref="fl-2"/>
      </object_component>
      <object_component id="oc-294">
         <name>.debug_info</name>
         <load_address>0xc611</load_address>
         <run_address>0xc611</run_address>
         <size>0x2a0</size>
         <input_file_ref idref="fl-7"/>
      </object_component>
      <object_component id="oc-297">
         <name>.debug_info</name>
         <load_address>0xc8b1</load_address>
         <run_address>0xc8b1</run_address>
         <size>0x1e3</size>
         <input_file_ref idref="fl-3"/>
      </object_component>
      <object_component id="oc-2a1">
         <name>.debug_info</name>
         <load_address>0xca94</load_address>
         <run_address>0xca94</run_address>
         <size>0x200</size>
         <input_file_ref idref="fl-3"/>
      </object_component>
      <object_component id="oc-2ca">
         <name>.debug_info</name>
         <load_address>0xcc94</load_address>
         <run_address>0xcc94</run_address>
         <size>0x163</size>
         <input_file_ref idref="fl-7"/>
      </object_component>
      <object_component id="oc-2cf">
         <name>.debug_info</name>
         <load_address>0xcdf7</load_address>
         <run_address>0xcdf7</run_address>
         <size>0x1f5</size>
         <input_file_ref idref="fl-3"/>
      </object_component>
      <object_component id="oc-2d9">
         <name>.debug_info</name>
         <load_address>0xcfec</load_address>
         <run_address>0xcfec</run_address>
         <size>0x1e3</size>
         <input_file_ref idref="fl-3"/>
      </object_component>
      <object_component id="oc-2e2">
         <name>.debug_info</name>
         <load_address>0xd1cf</load_address>
         <run_address>0xd1cf</run_address>
         <size>0x167</size>
         <input_file_ref idref="fl-7"/>
      </object_component>
      <object_component id="oc-2e6">
         <name>.debug_info</name>
         <load_address>0xd336</load_address>
         <run_address>0xd336</run_address>
         <size>0x16f</size>
         <input_file_ref idref="fl-7"/>
      </object_component>
      <object_component id="oc-2f0">
         <name>.debug_info</name>
         <load_address>0xd4a5</load_address>
         <run_address>0xd4a5</run_address>
         <size>0x16f</size>
         <input_file_ref idref="fl-7"/>
      </object_component>
      <object_component id="oc-2fb">
         <name>.debug_info</name>
         <load_address>0xd614</load_address>
         <run_address>0xd614</run_address>
         <size>0x171</size>
         <input_file_ref idref="fl-7"/>
      </object_component>
      <object_component id="oc-32d">
         <name>.debug_info</name>
         <load_address>0xd785</load_address>
         <run_address>0xd785</run_address>
         <size>0x205</size>
         <input_file_ref idref="fl-3"/>
      </object_component>
      <object_component id="oc-370">
         <name>.debug_info</name>
         <load_address>0xd98a</load_address>
         <run_address>0xd98a</run_address>
         <size>0x791</size>
         <input_file_ref idref="fl-2"/>
      </object_component>
      <object_component id="oc-37a">
         <name>.debug_info</name>
         <load_address>0xe11b</load_address>
         <run_address>0xe11b</run_address>
         <size>0x1ee</size>
         <input_file_ref idref="fl-3"/>
      </object_component>
      <object_component id="oc-38f">
         <name>.debug_info</name>
         <load_address>0xe309</load_address>
         <run_address>0xe309</run_address>
         <size>0x209</size>
         <input_file_ref idref="fl-3"/>
      </object_component>
      <object_component id="oc-407">
         <name>.debug_info</name>
         <load_address>0xe512</load_address>
         <run_address>0xe512</run_address>
         <size>0xf3</size>
      </object_component>
      <object_component id="oc-74">
         <name>.debug_aranges</name>
         <load_address>0x0</load_address>
         <run_address>0x0</run_address>
         <size>0x20</size>
         <input_file_ref idref="fl-48"/>
      </object_component>
      <object_component id="oc-86">
         <name>.debug_aranges</name>
         <load_address>0x20</load_address>
         <run_address>0x20</run_address>
         <size>0x20</size>
         <input_file_ref idref="fl-49"/>
      </object_component>
      <object_component id="oc-8f">
         <name>.debug_aranges</name>
         <load_address>0x40</load_address>
         <run_address>0x40</run_address>
         <size>0x20</size>
         <input_file_ref idref="fl-4b"/>
      </object_component>
      <object_component id="oc-95">
         <name>.debug_aranges</name>
         <load_address>0x60</load_address>
         <run_address>0x60</run_address>
         <size>0x20</size>
         <input_file_ref idref="fl-4a"/>
      </object_component>
      <object_component id="oc-9d">
         <name>.debug_aranges</name>
         <load_address>0x80</load_address>
         <run_address>0x80</run_address>
         <size>0x20</size>
         <input_file_ref idref="fl-65"/>
      </object_component>
      <object_component id="oc-a2">
         <name>.debug_aranges</name>
         <load_address>0xa0</load_address>
         <run_address>0xa0</run_address>
         <size>0x20</size>
         <input_file_ref idref="fl-6a"/>
      </object_component>
      <object_component id="oc-a8">
         <name>.debug_aranges</name>
         <load_address>0xc0</load_address>
         <run_address>0xc0</run_address>
         <size>0x20</size>
         <input_file_ref idref="fl-6d"/>
      </object_component>
      <object_component id="oc-b0">
         <name>.debug_aranges</name>
         <load_address>0xe0</load_address>
         <run_address>0xe0</run_address>
         <size>0x20</size>
         <input_file_ref idref="fl-2"/>
      </object_component>
      <object_component id="oc-b5">
         <name>.debug_aranges</name>
         <load_address>0x100</load_address>
         <run_address>0x100</run_address>
         <size>0x20</size>
         <input_file_ref idref="fl-4e"/>
      </object_component>
      <object_component id="oc-bb">
         <name>.debug_aranges</name>
         <load_address>0x120</load_address>
         <run_address>0x120</run_address>
         <size>0x20</size>
         <input_file_ref idref="fl-3"/>
      </object_component>
      <object_component id="oc-c1">
         <name>.debug_aranges</name>
         <load_address>0x140</load_address>
         <run_address>0x140</run_address>
         <size>0x20</size>
         <input_file_ref idref="fl-3"/>
      </object_component>
      <object_component id="oc-c9">
         <name>.debug_aranges</name>
         <load_address>0x160</load_address>
         <run_address>0x160</run_address>
         <size>0x20</size>
         <input_file_ref idref="fl-66"/>
      </object_component>
      <object_component id="oc-de">
         <name>.debug_aranges</name>
         <load_address>0x180</load_address>
         <run_address>0x180</run_address>
         <size>0x20</size>
         <input_file_ref idref="fl-4a"/>
      </object_component>
      <object_component id="oc-f3">
         <name>.debug_aranges</name>
         <load_address>0x1a0</load_address>
         <run_address>0x1a0</run_address>
         <size>0x20</size>
         <input_file_ref idref="fl-3"/>
      </object_component>
      <object_component id="oc-f9">
         <name>.debug_aranges</name>
         <load_address>0x1c0</load_address>
         <run_address>0x1c0</run_address>
         <size>0x20</size>
         <input_file_ref idref="fl-3"/>
      </object_component>
      <object_component id="oc-109">
         <name>.debug_aranges</name>
         <load_address>0x1e0</load_address>
         <run_address>0x1e0</run_address>
         <size>0x20</size>
         <input_file_ref idref="fl-5"/>
      </object_component>
      <object_component id="oc-10e">
         <name>.debug_aranges</name>
         <load_address>0x200</load_address>
         <run_address>0x200</run_address>
         <size>0x20</size>
         <input_file_ref idref="fl-5"/>
      </object_component>
      <object_component id="oc-117">
         <name>.debug_aranges</name>
         <load_address>0x220</load_address>
         <run_address>0x220</run_address>
         <size>0x20</size>
         <input_file_ref idref="fl-7"/>
      </object_component>
      <object_component id="oc-14a">
         <name>.debug_aranges</name>
[...]
         <name>UCB1CTLW0</name>
         <value>0x620</value>
      </symbol>
      <symbol id="sm-2d8">
         <name>UCB1CTLW0_L</name>
         <value>0x620</value>
      </symbol>
      <symbol id="sm-2d9">
         <name>UCB1CTLW0_H</name>
         <value>0x621</value>
      </symbol>
      <symbol id="sm-2da">
         <name>UCB1BRW</name>
         <value>0x626</value>
      </symbol>
      <symbol id="sm-2db">
         <name>UCB1BRW_L</name>
         <value>0x626</value>
      </symbol>
      <symbol id="sm-2dc">
         <name>UCB1BRW_H</name>
         <value>0x627</value>
      </symbol>
      <symbol id="sm-2dd">
         <name>UCB1STAT</name>
         <value>0x62a</value>
      </symbol>
      <symbol id="sm-2de">
         <name>UCB1RXBUF</name>
         <value>0x62c</value>
      </symbol>
      <symbol id="sm-2df">
         <name>UCB1TXBUF</name>
         <value>0x62e</value>
      </symbol>
      <symbol id="sm-2e0">
         <name>UCB1I2COA</name>
         <value>0x630</value>
      </symbol>
      <symbol id="sm-2e1">
         <name>UCB1I2COA_L</name>
         <value>0x630</value>
      </symbol>
      <symbol id="sm-2e2">
         <name>UCB1I2COA_H</name>
         <value>0x631</value>
      </symbol>
      <symbol id="sm-2e3">
         <name>UCB1I2CSA</name>
         <value>0x632</value>
      </symbol>
      <symbol id="sm-2e4">
         <name>UCB1I2CSA_L</name>
         <value>0x632</value>
      </symbol>
      <symbol id="sm-2e5">
         <name>UCB1I2CSA_H</name>
         <value>0x633</value>
      </symbol>
      <symbol id="sm-2e6">
         <name>UCB1ICTL</name>
         <value>0x63c</value>
      </symbol>
      <symbol id="sm-2e7">
         <name>UCB1ICTL_L</name>
         <value>0x63c</value>
      </symbol>
      <symbol id="sm-2e8">
         <name>UCB1ICTL_H</name>
         <value>0x63d</value>
      </symbol>
      <symbol id="sm-2e9">
         <name>UCB1IV</name>
         <value>0x63e</value>
      </symbol>
      <symbol id="sm-2ea">
         <name>WDTCTL</name>
         <value>0x15c</value>
      </symbol>
      <symbol id="sm-2eb">
         <name>WDTCTL_L</name>
         <value>0x15c</value>
      </symbol>
      <symbol id="sm-2ec">
         <name>WDTCTL_H</name>
         <value>0x15d</value>
      </symbol>
      <symbol id="sm-2ed">
         <name>__TI_CINIT_Base</name>
         <value>0x4452</value>
      </symbol>
      <symbol id="sm-2ee">
         <name>__TI_CINIT_Limit</name>
         <value>0x4462</value>
      </symbol>
      <symbol id="sm-2ef">
         <name>__TI_Handler_Table_Base</name>
         <value>0x4434</value>
      </symbol>
      <symbol id="sm-2f0">
         <name>__TI_Handler_Table_Limit</name>
         <value>0x4440</value>
      </symbol>
      <symbol id="sm-2f1">
         <name>binit</name>
         <value>0xffffffff</value>
      </symbol>
      <symbol id="sm-2f2">
         <name>__binit__</name>
         <value>0xffffffff</value>
      </symbol>
      <symbol id="sm-2f3">
         <name>__STACK_SIZE</name>
         <value>0xa0</value>
      </symbol>
      <symbol id="sm-2f4">
         <name>__STACK_END</name>
         <value>0x4400</value>
      </symbol>
      <symbol id="sm-2f5">
         <name>__c_args__</name>
         <value>0xffffffff</value>
      </symbol>
      <symbol id="sm-376">
         <name>main</name>
         <value>0x21586</value>
         <object_component_ref idref="oc-ac"/>
      </symbol>
      <symbol id="sm-423">
         <name>epd_spi_send</name>
         <value>0x21ee4</value>
         <object_component_ref idref="oc-233"/>
      </symbol>
      <symbol id="sm-424">
         <name>get_current_time_tick</name>
         <value>0x220d8</value>
         <object_component_ref idref="oc-2ce"/>
      </symbol>
      <symbol id="sm-425">
         <name>initialize_temperature</name>
         <value>0x21fdc</value>
         <object_component_ref idref="oc-188"/>
      </symbol>
      <symbol id="sm-426">
         <name>stop_EPD_timer</name>
         <value>0x220ca</value>
         <object_component_ref idref="oc-2d8"/>
      </symbol>
      <symbol id="sm-427">
         <name>PWM_run</name>
         <value>0x21ea8</value>
         <object_component_ref idref="oc-211"/>
      </symbol>
      <symbol id="sm-428">
         <name>EPD_initialize_gpio</name>
         <value>0x21e6c</value>
         <object_component_ref idref="oc-17c"/>
      </symbol>
      <symbol id="sm-429">
         <name>system_init</name>
         <value>0x21c52</value>
         <object_component_ref idref="oc-f1"/>
      </symbol>
      <symbol id="sm-42a">
         <name>__TI_int54</name>
         <value>0xffec</value>
         <object_component_ref idref="oc-7c"/>
      </symbol>
      <symbol id="sm-42b">
         <name>__TI_int52</name>
         <value>0xffe8</value>
         <object_component_ref idref="oc-7a"/>
      </symbol>
      <symbol id="sm-42c">
         <name>start_EPD_timer</name>
         <value>0x21ffc</value>
         <object_component_ref idref="oc-2a0"/>
      </symbol>
      <symbol id="sm-42d">
         <name>ADC12_ISR</name>
         <value>0x442c</value>
         <object_component_ref idref="oc-bf"/>
      </symbol>
      <symbol id="sm-42e">
         <name>epd_spi_send_byte</name>
         <value>0x21f1c</value>
         <object_component_ref idref="oc-239"/>
      </symbol>
      <symbol id="sm-42f">
         <name>EPD_display_hardware_init</name>
         <value>0x21f4c</value>
         <object_component_ref idref="oc-f7"/>
      </symbol>
      <symbol id="sm-430">
         <name>epd_spi_init</name>
         <value>0x21e2e</value>
         <object_component_ref idref="oc-182"/>
      </symbol>
      <symbol id="sm-431">
         <name>epd_spi_read</name>
         <value>0x2209e</value>
         <object_component_ref idref="oc-38e"/>
      </symbol>
      <symbol id="sm-432">
         <name>epd_spi_write</name>
         <value>0x220f2</value>
         <object_component_ref idref="oc-32c"/>
      </symbol>
      <symbol id="sm-433">
         <name>SetVcoreUp</name>
         <value>0x21de0</value>
         <object_component_ref idref="oc-175"/>
      </symbol>
      <symbol id="sm-434">
         <name>delay_ms</name>
         <value>0x2204c</value>
         <object_component_ref idref="oc-14e"/>
      </symbol>
      <symbol id="sm-435">
         <name>epd_spi_detach</name>
         <value>0x2201c</value>
         <object_component_ref idref="oc-296"/>
      </symbol>
      <symbol id="sm-436">
         <name>Timer_A0</name>
         <value>0x441a</value>
         <object_component_ref idref="oc-b9"/>
      </symbol>
      <symbol id="sm-437">
         <name>epd_spi_attach</name>
         <value>0x220bc</value>
         <object_component_ref idref="oc-217"/>
      </symbol>
      <symbol id="sm-454">
         <name>display_PowerOn</name>
         <value>0x220ae</value>
         <object_component_ref idref="oc-10c"/>
      </symbol>
      <symbol id="sm-455">
         <name>display_GlobalUpdate</name>
         <value>0x21f98</value>
         <object_component_ref idref="oc-106"/>
      </symbol>
      <symbol id="sm-456">
         <name>display_PowerOff</name>
         <value>0x220ec</value>
         <object_component_ref idref="oc-148"/>
      </symbol>
      <symbol id="sm-5c9">
         <name>previous_lin</name>
         <value>0x2488</value>
      </symbol>
      <symbol id="sm-5ca">
         <name>new_line</name>
         <value>0x2484</value>
      </symbol>
      <symbol id="sm-5cb">
         <name>COG_driver_EPDtype_select</name>
         <value>0x2186a</value>
         <object_component_ref idref="oc-225"/>
      </symbol>
      <symbol id="sm-5cc">
         <name>EPD_power_on</name>
         <value>0x21cb8</value>
         <object_component_ref idref="oc-1a4"/>
      </symbol>
      <symbol id="sm-5cd">
         <name>temperature_table</name>
         <value>0x20564</value>
         <object_component_ref idref="oc-2fa"/>
      </symbol>
      <symbol id="sm-5ce">
         <name>EPD_display_from_array_prt</name>
         <value>0x21b64</value>
         <object_component_ref idref="oc-19c"/>
      </symbol>
      <symbol id="sm-5cf">
         <name>dummy_line</name>
         <value>0x21d7e</value>
         <object_component_ref idref="oc-253"/>
      </symbol>
      <symbol id="sm-5d0">
         <name>nothing_frame</name>
         <value>0x21794</value>
         <object_component_ref idref="oc-24d"/>
      </symbol>
      <symbol id="sm-5d1">
         <name>EPD_power_off</name>
         <value>0x21342</value>
         <object_component_ref idref="oc-1ea"/>
      </symbol>
      <symbol id="sm-5d2">
         <name>nothing_frame_for_19_26</name>
         <value>0x21690</value>
         <object_component_ref idref="oc-25f"/>
      </symbol>
      <symbol id="sm-5d3">
         <name>BORDER_TABLE</name>
         <value>0x205fc</value>
         <object_component_ref idref="oc-2e1"/>
      </symbol>
      <symbol id="sm-5d4">
         <name>EPD_initialize_driver</name>
         <value>0x2147a</value>
         <object_component_ref idref="oc-1aa"/>
      </symbol>
      <symbol id="sm-5d5">
         <name>SCAN_TABLE</name>
         <value>0x20600</value>
         <object_component_ref idref="oc-2c9"/>
      </symbol>
      <symbol id="sm-5d6">
         <name>COG_parameters</name>
         <value>0x20500</value>
         <object_component_ref idref="oc-230"/>
      </symbol>
      <symbol id="sm-5d7">
         <name>data_lookuptable</name>
         <value>0x205b4</value>
         <object_component_ref idref="oc-2ef"/>
      </symbol>
      <symbol id="sm-5d8">
         <name>PartialUpdate_StageTime</name>
         <value>0x2494</value>
         <object_component_ref idref="oc-fd"/>
      </symbol>
      <symbol id="sm-5d9">
         <name>EPD_display_partialupdate_from_array_prt</name>
         <value>0x21fbc</value>
         <object_component_ref idref="oc-115"/>
      </symbol>
      <symbol id="sm-5da">
         <name>EPD_display_partialupdate_Collection</name>
         <value>0x21ab0</value>
         <object_component_ref idref="oc-1b4"/>
      </symbol>
      <symbol id="sm-5db">
         <name>border_line</name>
         <value>0x219f6</value>
         <object_component_ref idref="oc-290"/>
      </symbol>
      <symbol id="sm-5dc">
         <name>scan_lookuptable</name>
         <value>0x205f4</value>
         <object_component_ref idref="oc-2e5"/>
      </symbol>
      <symbol id="sm-5e6">
         <name>Image_26_Black</name>
         <value>0x10000</value>
         <object_component_ref idref="oc-100"/>
      </symbol>
      <symbol id="sm-5f0">
         <name>Image_26_ECG01</name>
         <value>0x10e80</value>
         <object_component_ref idref="oc-112"/>
      </symbol>
      <symbol id="sm-5fa">
         <name>Image_26_ECG02</name>
         <value>0x11d00</value>
         <object_component_ref idref="oc-11b"/>
      </symbol>
      <symbol id="sm-604">
         <name>Image_26_ECG03</name>
         <value>0x12b80</value>
         <object_component_ref idref="oc-11e"/>
      </symbol>
      <symbol id="sm-60e">
         <name>Image_26_ECG04</name>
         <value>0x13a00</value>
         <object_component_ref idref="oc-121"/>
      </symbol>
      <symbol id="sm-618">
         <name>Image_26_ECG05</name>
         <value>0x14880</value>
         <object_component_ref idref="oc-124"/>
      </symbol>
      <symbol id="sm-622">
         <name>Image_26_ECG06</name>
         <value>0x15700</value>
         <object_component_ref idref="oc-127"/>
      </symbol>
      <symbol id="sm-62c">
         <name>Image_26_ECG07</name>
         <value>0x16580</value>
         <object_component_ref idref="oc-12a"/>
      </symbol>
      <symbol id="sm-636">
         <name>Image_26_ECG08</name>
         <value>0x17400</value>
         <object_component_ref idref="oc-12d"/>
      </symbol>
      <symbol id="sm-640">
         <name>Image_26_ECG09</name>
         <value>0x18280</value>
         <object_component_ref idref="oc-130"/>
      </symbol>
      <symbol id="sm-64a">
         <name>Image_26_ECG10</name>
         <value>0x19100</value>
         <object_component_ref idref="oc-133"/>
      </symbol>
      <symbol id="sm-654">
         <name>Image_26_ECG11</name>
         <value>0x19f80</value>
         <object_component_ref idref="oc-136"/>
      </symbol>
      <symbol id="sm-65e">
         <name>Image_26_ECG12</name>
         <value>0x1ae00</value>
         <object_component_ref idref="oc-139"/>
      </symbol>
      <symbol id="sm-668">
         <name>Image_26_ECG13</name>
         <value>0x1bc80</value>
         <object_component_ref idref="oc-13c"/>
      </symbol>
      <symbol id="sm-672">
         <name>Image_26_ECG14</name>
         <value>0x1cb00</value>
         <object_component_ref idref="oc-13f"/>
      </symbol>
      <symbol id="sm-67c">
         <name>Image_26_ECG15</name>
         <value>0x1d980</value>
         <object_component_ref idref="oc-142"/>
      </symbol>
      <symbol id="sm-686">
         <name>Image_26_ECG16</name>
         <value>0x1e800</value>
         <object_component_ref idref="oc-145"/>
      </symbol>
      <symbol id="sm-690">
         <name>Image_26_White</name>
         <value>0x1f680</value>
         <object_component_ref idref="oc-103"/>
      </symbol>
      <symbol id="sm-6a0">
         <name>_c_int00_noexit</name>
         <value>0x4400</value>
         <object_component_ref idref="oc-72"/>
      </symbol>
      <symbol id="sm-6a1">
         <name>_c_int00</name>
         <value>0x4400</value>
         <object_component_ref idref="oc-72"/>
      </symbol>
      <symbol id="sm-6a2">
         <name>_stack</name>
         <value>0x4360</value>
         <object_component_ref idref="oc-97"/>
      </symbol>
      <symbol id="sm-6a3">
         <name>_reset_vector</name>
         <value>0xfffe</value>
         <object_component_ref idref="oc-9a"/>
      </symbol>
      <symbol id="sm-6b9">
         <name>__TI_decompress_none</name>
         <value>0x2208c</value>
         <object_component_ref idref="oc-85"/>
      </symbol>
      <symbol id="sm-6db">
         <name>__TI_decompress_rle24</name>
         <value>0x220e6</value>
         <object_component_ref idref="oc-91"/>
      </symbol>
      <symbol id="sm-6ee">
         <name>__TI_zero_init</name>
         <value>0x21f74</value>
         <object_component_ref idref="oc-8b"/>
      </symbol>
      <symbol id="sm-6fa">
         <name>C$$EXIT</name>
         <value>0x220fc</value>
         <object_component_ref idref="oc-b2"/>
      </symbol>
      <symbol id="sm-6fb">
         <name>abort</name>
         <value>0x220fc</value>
         <object_component_ref idref="oc-b2"/>
      </symbol>
      <symbol id="sm-700">
         <name>__TI_int41</name>
         <value>0xffd2</value>
         <object_component_ref idref="oc-69"/>
      </symbol>
      <symbol id="sm-703">
         <name>__TI_int42</name>
         <value>0xffd4</value>
         <object_component_ref idref="oc-6a"/>
      </symbol>
      <symbol id="sm-706">
         <name>__TI_int43</name>
         <value>0xffd6</value>
         <object_component_ref idref="oc-6b"/>
      </symbol>
      <symbol id="sm-709">
         <name>__TI_int44</name>
         <value>0xffd8</value>
         <object_component_ref idref="oc-6c"/>
      </symbol>
      <symbol id="sm-70c">
         <name>__TI_int45</name>
         <value>0xffda</value>
         <object_component_ref idref="oc-6d"/>
      </symbol>
      <symbol id="sm-70f">
         <name>__TI_int46</name>
         <value>0xffdc</value>
         <object_component_ref idref="oc-6e"/>
      </symbol>
      <symbol id="sm-712">
         <name>__TI_int47</name>
         <value>0xffde</value>
         <object_component_ref idref="oc-6f"/>
      </symbol>
      <symbol id="sm-715">
         <name>__TI_int48</name>
         <value>0xffe0</value>
         <object_component_ref idref="oc-70"/>
      </symbol>
      <symbol id="sm-718">
         <name>__TI_int49</name>
         <value>0xffe2</value>
         <object_component_ref idref="oc-71"/>
      </symbol>
      <symbol id="sm-71b">
         <name>__TI_int50</name>
         <value>0xffe4</value>
         <object_component_ref idref="oc-78"/>
      </symbol>
      <symbol id="sm-71e">
         <name>__TI_int51</name>
         <value>0xffe6</value>
         <object_component_ref idref="oc-79"/>
      </symbol>
      <symbol id="sm-721">
         <name>__TI_int53</name>
         <value>0xffea</value>
         <object_component_ref idref="oc-7b"/>
      </symbol>
      <symbol id="sm-724">
         <name>__TI_int55</name>
         <value>0xffee</value>
         <object_component_ref idref="oc-7d"/>
      </symbol>
      <symbol id="sm-727">
         <name>__TI_int56</name>
         <value>0xfff0</value>
         <object_component_ref idref="oc-7e"/>
      </symbol>
      <symbol id="sm-72a">
         <name>__TI_int57</name>
         <value>0xfff2</value>
         <object_component_ref idref="oc-7f"/>
      </symbol>
      <symbol id="sm-72d">
         <name>__TI_int58</name>
         <value>0xfff4</value>
         <object_component_ref idref="oc-80"/>
      </symbol>
      <symbol id="sm-730">
         <name>__TI_int59</name>
         <value>0xfff6</value>
         <object_component_ref idref="oc-81"/>
      </symbol>
      <symbol id="sm-733">
         <name>__TI_int60</name>
         <value>0xfff8</value>
         <object_component_ref idref="oc-82"/>
      </symbol>
      <symbol id="sm-736">
         <name>__TI_int61</name>
         <value>0xfffa</value>
         <object_component_ref idref="oc-83"/>
      </symbol>
      <symbol id="sm-739">
         <name>__TI_int62</name>
         <value>0xfffc</value>
         <object_component_ref idref="oc-84"/>
      </symbol>
      <symbol id="sm-741">
         <name>__TI_ISR_TRAP</name>
         <value>0x220e0</value>
         <object_component_ref idref="oc-9b"/>
      </symbol>
      <symbol id="sm-74f">
         <name>memcpy</name>
         <value>0x22078</value>
         <object_component_ref idref="oc-c5"/>
      </symbol>
      <symbol id="sm-758">
         <name>__mspabi_mpyi_f5hw</name>
         <value>0x22062</value>
         <object_component_ref idref="oc-22b"/>
      </symbol>
      <symbol id="sm-762">
         <name>_system_pre_init</name>
         <value>0x220f8</value>
         <object_component_ref idref="oc-a0"/>
      </symbol>
      <symbol id="sm-77b">
         <name>_auto_init_hold_wdt</name>
         <value>0x21be4</value>
         <object_component_ref idref="oc-a6"/>
      </symbol>
      <symbol id="sm-77c">
         <name>__TI_exit</name>
         <value>0x1</value>
      </symbol>
      <symbol id="sm-77d">
         <name>__TI_args_main</name>
         <value>0x1</value>
      </symbol>
      <symbol id="sm-77e">
         <name>__TI_INITARRAY_Base</name>
         <value>0x0</value>
      </symbol>
      <symbol id="sm-77f">
         <name>__TI_INITARRAY_Limit</name>
         <value>0x0</value>
      </symbol>
      <symbol id="sm-782">
         <name>sys_delay_ms</name>
         <value>0x2204c</value>
      </symbol>
      <symbol id="sm-783">
         <name>display_PartialUpdate</name>
         <value>0x21fbc</value>
      </symbol>
   </symbol_table>
   <title>Link successful</title>
</link_info>
